[0.686s] Invoking command in '/home/rafal/Web_Speech_remote_control/teleop_ws/teleop_joy_cmd': PYTHONPATH=/home/rafal/Web_Speech_remote_control/teleop_ws/build/teleop_joy_cmd/prefix_override:/home/rafal/.local/lib/python3.10/site-packages/colcon_core/task/python/colcon_distutils_commands:/home/rafal/Web_Speech_remote_control/teleop_ws/install/teleop_joy_cmd/lib/python3.10/site-packages:${PYTHONPATH} /usr/bin/python3 -W ignore:setup.py install is deprecated setup.py egg_info --egg-base ../build/teleop_joy_cmd build --build-base /home/rafal/Web_Speech_remote_control/teleop_ws/build/teleop_joy_cmd/build install --record /home/rafal/Web_Speech_remote_control/teleop_ws/build/teleop_joy_cmd/install.log --single-version-externally-managed install_data
[0.914s] running egg_info
[0.931s] creating ../build/teleop_joy_cmd/teleop_joy_cmd.egg-info
[0.931s] writing ../build/teleop_joy_cmd/teleop_joy_cmd.egg-info/PKG-INFO
[0.932s] writing dependency_links to ../build/teleop_joy_cmd/teleop_joy_cmd.egg-info/dependency_links.txt
[0.932s] writing entry points to ../build/teleop_joy_cmd/teleop_joy_cmd.egg-info/entry_points.txt
[0.932s] writing requirements to ../build/teleop_joy_cmd/teleop_joy_cmd.egg-info/requires.txt
[0.932s] writing top-level names to ../build/teleop_joy_cmd/teleop_joy_cmd.egg-info/top_level.txt
[0.932s] writing manifest file '../build/teleop_joy_cmd/teleop_joy_cmd.egg-info/SOURCES.txt'
[0.968s] reading manifest file '../build/teleop_joy_cmd/teleop_joy_cmd.egg-info/SOURCES.txt'
[0.969s] adding license file 'LICENSE'
[0.969s] writing manifest file '../build/teleop_joy_cmd/teleop_joy_cmd.egg-info/SOURCES.txt'
[0.969s] running build
[0.969s] running build_py
[0.969s] creating /home/rafal/Web_Speech_remote_control/teleop_ws/build/teleop_joy_cmd/build/lib/teleop_joy_cmd
[0.969s] copying teleop_joy_cmd/cmd_vel_sub.py -> /home/rafal/Web_Speech_remote_control/teleop_ws/build/teleop_joy_cmd/build/lib/teleop_joy_cmd
[0.970s] copying teleop_joy_cmd/bridge.py -> /home/rafal/Web_Speech_remote_control/teleop_ws/build/teleop_joy_cmd/build/lib/teleop_joy_cmd
[0.970s] copying teleop_joy_cmd/__init__.py -> /home/rafal/Web_Speech_remote_control/teleop_ws/build/teleop_joy_cmd/build/lib/teleop_joy_cmd
[0.970s] running install
[0.973s] running install_lib
[0.992s] creating /home/rafal/Web_Speech_remote_control/teleop_ws/install/teleop_joy_cmd/lib/python3.10/site-packages/teleop_joy_cmd
[0.992s] copying /home/rafal/Web_Speech_remote_control/teleop_ws/build/teleop_joy_cmd/build/lib/teleop_joy_cmd/cmd_vel_sub.py -> /home/rafal/Web_Speech_remote_control/teleop_ws/install/teleop_joy_cmd/lib/python3.10/site-packages/teleop_joy_cmd
[0.992s] copying /home/rafal/Web_Speech_remote_control/teleop_ws/build/teleop_joy_cmd/build/lib/teleop_joy_cmd/bridge.py -> /home/rafal/Web_Speech_remote_control/teleop_ws/install/teleop_joy_cmd/lib/python3.10/site-packages/teleop_joy_cmd
[0.992s] copying /home/rafal/Web_Speech_remote_control/teleop_ws/build/teleop_joy_cmd/build/lib/teleop_joy_cmd/__init__.py -> /home/rafal/Web_Speech_remote_control/teleop_ws/install/teleop_joy_cmd/lib/python3.10/site-packages/teleop_joy_cmd
[0.992s] byte-compiling /home/rafal/Web_Speech_remote_control/teleop_ws/install/teleop_joy_cmd/lib/python3.10/site-packages/teleop_joy_cmd/cmd_vel_sub.py to cmd_vel_sub.cpython-310.pyc
[0.993s] byte-compiling /home/rafal/Web_Speech_remote_control/teleop_ws/install/teleop_joy_cmd/lib/python3.10/site-packages/teleop_joy_cmd/bridge.py to bridge.cpython-310.pyc
[0.994s] byte-compiling /home/rafal/Web_Speech_remote_control/teleop_ws/install/teleop_joy_cmd/lib/python3.10/site-packages/teleop_joy_cmd/__init__.py to __init__.cpython-310.pyc
[0.994s] running install_data
[0.994s] creating /home/rafal/Web_Speech_remote_control/teleop_ws/install/teleop_joy_cmd/share/ament_index/resource_index/packages
[0.995s] copying resource/teleop_joy_cmd -> /home/rafal/Web_Speech_remote_control/teleop_ws/install/teleop_joy_cmd/share/ament_index/resource_index/packages
[0.995s] copying package.xml -> /home/rafal/Web_Speech_remote_control/teleop_ws/install/teleop_joy_cmd/share/teleop_joy_cmd
[0.995s] creating /home/rafal/Web_Speech_remote_control/teleop_ws/install/teleop_joy_cmd/share/teleop_joy_cmd/launch
[0.995s] copying launch/unity_sim_wheel.launch.py -> /home/rafal/Web_Speech_remote_control/teleop_ws/install/teleop_joy_cmd/share/teleop_joy_cmd/launch
[0.995s] copying launch/sec_joy_cmd_g1.launch.py -> /home/rafal/Web_Speech_remote_control/teleop_ws/install/teleop_joy_cmd/share/teleop_joy_cmd/launch
[0.995s] copying launch/sec_unity_sim_wheel.launch.py -> /home/rafal/Web_Speech_remote_control/teleop_ws/install/teleop_joy_cmd/share/teleop_joy_cmd/launch
[0.995s] copying launch/joy_cmd_g1.launch.py -> /home/rafal/Web_Speech_remote_control/teleop_ws/install/teleop_joy_cmd/share/teleop_joy_cmd/launch
[0.995s] running install_egg_info
[1.014s] Copying ../build/teleop_joy_cmd/teleop_joy_cmd.egg-info to /home/rafal/Web_Speech_remote_control/teleop_ws/install/teleop_joy_cmd/lib/python3.10/site-packages/teleop_joy_cmd-0.0.0-py3.10.egg-info
[1.015s] running install_scripts
[1.051s] Installing bridge script to /home/rafal/Web_Speech_remote_control/teleop_ws/install/teleop_joy_cmd/lib/teleop_joy_cmd
[1.052s] Installing cmd_vel_sub script to /home/rafal/Web_Speech_remote_control/teleop_ws/install/teleop_joy_cmd/lib/teleop_joy_cmd
[1.052s] writing list of installed files to '/home/rafal/Web_Speech_remote_control/teleop_ws/build/teleop_joy_cmd/install.log'
[1.067s] Invoked command in '/home/rafal/Web_Speech_remote_control/teleop_ws/teleop_joy_cmd' returned '0': PYTHONPATH=/home/rafal/Web_Speech_remote_control/teleop_ws/build/teleop_joy_cmd/prefix_override:/home/rafal/.local/lib/python3.10/site-packages/colcon_core/task/python/colcon_distutils_commands:/home/rafal/Web_Speech_remote_control/teleop_ws/install/teleop_joy_cmd/lib/python3.10/site-packages:${PYTHONPATH} /usr/bin/python3 -W ignore:setup.py install is deprecated setup.py egg_info --egg-base ../build/teleop_joy_cmd build --build-base /home/rafal/Web_Speech_remote_control/teleop_ws/build/teleop_joy_cmd/build install --record /home/rafal/Web_Speech_remote_control/teleop_ws/build/teleop_joy_cmd/install.log --single-version-externally-managed install_data
