/home/rafal/Web_Speech_remote_control/teleop_ws/install/teleop_joy_cmd/lib/python3.10/site-packages/teleop_joy_cmd/cmd_vel_sub.py
/home/rafal/Web_Speech_remote_control/teleop_ws/install/teleop_joy_cmd/lib/python3.10/site-packages/teleop_joy_cmd/bridge.py
/home/rafal/Web_Speech_remote_control/teleop_ws/install/teleop_joy_cmd/lib/python3.10/site-packages/teleop_joy_cmd/__init__.py
/home/rafal/Web_Speech_remote_control/teleop_ws/install/teleop_joy_cmd/lib/python3.10/site-packages/teleop_joy_cmd/__pycache__/cmd_vel_sub.cpython-310.pyc
/home/rafal/Web_Speech_remote_control/teleop_ws/install/teleop_joy_cmd/lib/python3.10/site-packages/teleop_joy_cmd/__pycache__/bridge.cpython-310.pyc
/home/rafal/Web_Speech_remote_control/teleop_ws/install/teleop_joy_cmd/lib/python3.10/site-packages/teleop_joy_cmd/__pycache__/__init__.cpython-310.pyc
/home/rafal/Web_Speech_remote_control/teleop_ws/install/teleop_joy_cmd/share/ament_index/resource_index/packages/teleop_joy_cmd
/home/rafal/Web_Speech_remote_control/teleop_ws/install/teleop_joy_cmd/share/teleop_joy_cmd/package.xml
/home/rafal/Web_Speech_remote_control/teleop_ws/install/teleop_joy_cmd/share/teleop_joy_cmd/launch/unity_sim_wheel.launch.py
/home/rafal/Web_Speech_remote_control/teleop_ws/install/teleop_joy_cmd/share/teleop_joy_cmd/launch/sec_joy_cmd_g1.launch.py
/home/rafal/Web_Speech_remote_control/teleop_ws/install/teleop_joy_cmd/share/teleop_joy_cmd/launch/sec_unity_sim_wheel.launch.py
/home/rafal/Web_Speech_remote_control/teleop_ws/install/teleop_joy_cmd/share/teleop_joy_cmd/launch/joy_cmd_g1.launch.py
/home/rafal/Web_Speech_remote_control/teleop_ws/install/teleop_joy_cmd/lib/python3.10/site-packages/teleop_joy_cmd-0.0.0-py3.10.egg-info/zip-safe
/home/rafal/Web_Speech_remote_control/teleop_ws/install/teleop_joy_cmd/lib/python3.10/site-packages/teleop_joy_cmd-0.0.0-py3.10.egg-info/entry_points.txt
/home/rafal/Web_Speech_remote_control/teleop_ws/install/teleop_joy_cmd/lib/python3.10/site-packages/teleop_joy_cmd-0.0.0-py3.10.egg-info/PKG-INFO
/home/rafal/Web_Speech_remote_control/teleop_ws/install/teleop_joy_cmd/lib/python3.10/site-packages/teleop_joy_cmd-0.0.0-py3.10.egg-info/top_level.txt
/home/rafal/Web_Speech_remote_control/teleop_ws/install/teleop_joy_cmd/lib/python3.10/site-packages/teleop_joy_cmd-0.0.0-py3.10.egg-info/SOURCES.txt
/home/rafal/Web_Speech_remote_control/teleop_ws/install/teleop_joy_cmd/lib/python3.10/site-packages/teleop_joy_cmd-0.0.0-py3.10.egg-info/dependency_links.txt
/home/rafal/Web_Speech_remote_control/teleop_ws/install/teleop_joy_cmd/lib/python3.10/site-packages/teleop_joy_cmd-0.0.0-py3.10.egg-info/requires.txt
/home/rafal/Web_Speech_remote_control/teleop_ws/install/teleop_joy_cmd/lib/teleop_joy_cmd/bridge
/home/rafal/Web_Speech_remote_control/teleop_ws/install/teleop_joy_cmd/lib/teleop_joy_cmd/cmd_vel_sub
