running egg_info
writing ../build/teleop_joy_cmd/teleop_joy_cmd.egg-info/PKG-INFO
writing dependency_links to ../build/teleop_joy_cmd/teleop_joy_cmd.egg-info/dependency_links.txt
writing entry points to ../build/teleop_joy_cmd/teleop_joy_cmd.egg-info/entry_points.txt
writing requirements to ../build/teleop_joy_cmd/teleop_joy_cmd.egg-info/requires.txt
writing top-level names to ../build/teleop_joy_cmd/teleop_joy_cmd.egg-info/top_level.txt
reading manifest file '../build/teleop_joy_cmd/teleop_joy_cmd.egg-info/SOURCES.txt'
adding license file 'LICENSE'
writing manifest file '../build/teleop_joy_cmd/teleop_joy_cmd.egg-info/SOURCES.txt'
running build
running build_py
copying teleop_joy_cmd/cmd_vel_sub.py -> /home/rafal/Web_Speech_remote_control/teleop_ws/build/teleop_joy_cmd/build/lib/teleop_joy_cmd
copying teleop_joy_cmd/bridge.py -> /home/rafal/Web_Speech_remote_control/teleop_ws/build/teleop_joy_cmd/build/lib/teleop_joy_cmd
copying teleop_joy_cmd/__init__.py -> /home/rafal/Web_Speech_remote_control/teleop_ws/build/teleop_joy_cmd/build/lib/teleop_joy_cmd
running install
running install_lib
running install_data
copying resource/teleop_joy_cmd -> /home/rafal/Web_Speech_remote_control/teleop_ws/install/teleop_joy_cmd/share/ament_index/resource_index/packages
copying package.xml -> /home/rafal/Web_Speech_remote_control/teleop_ws/install/teleop_joy_cmd/share/teleop_joy_cmd
copying launch/unity_sim_wheel.launch.py -> /home/rafal/Web_Speech_remote_control/teleop_ws/install/teleop_joy_cmd/share/teleop_joy_cmd/launch
copying launch/sec_joy_cmd_g1.launch.py -> /home/rafal/Web_Speech_remote_control/teleop_ws/install/teleop_joy_cmd/share/teleop_joy_cmd/launch
copying launch/sec_unity_sim_wheel.launch.py -> /home/rafal/Web_Speech_remote_control/teleop_ws/install/teleop_joy_cmd/share/teleop_joy_cmd/launch
copying launch/joy_cmd_g1.launch.py -> /home/rafal/Web_Speech_remote_control/teleop_ws/install/teleop_joy_cmd/share/teleop_joy_cmd/launch
running install_egg_info
removing '/home/rafal/Web_Speech_remote_control/teleop_ws/install/teleop_joy_cmd/lib/python3.10/site-packages/teleop_joy_cmd-0.0.0-py3.10.egg-info' (and everything under it)
Copying ../build/teleop_joy_cmd/teleop_joy_cmd.egg-info to /home/rafal/Web_Speech_remote_control/teleop_ws/install/teleop_joy_cmd/lib/python3.10/site-packages/teleop_joy_cmd-0.0.0-py3.10.egg-info
running install_scripts
Installing bridge script to /home/rafal/Web_Speech_remote_control/teleop_ws/install/teleop_joy_cmd/lib/teleop_joy_cmd
Installing cmd_vel_sub script to /home/rafal/Web_Speech_remote_control/teleop_ws/install/teleop_joy_cmd/lib/teleop_joy_cmd
writing list of installed files to '/home/rafal/Web_Speech_remote_control/teleop_ws/build/teleop_joy_cmd/install.log'
