[0.692s] Invoking command in '/home/rafal/Web_Speech_remote_control/teleop_ws/teleop_joy_cmd': PYTHONPATH=/home/rafal/Web_Speech_remote_control/teleop_ws/build/teleop_joy_cmd/prefix_override:/home/rafal/.local/lib/python3.10/site-packages/colcon_core/task/python/colcon_distutils_commands:/home/rafal/Web_Speech_remote_control/teleop_ws/install/teleop_joy_cmd/lib/python3.10/site-packages:${PYTHONPATH} /usr/bin/python3 -W ignore:setup.py install is deprecated setup.py egg_info --egg-base ../build/teleop_joy_cmd build --build-base /home/rafal/Web_Speech_remote_control/teleop_ws/build/teleop_joy_cmd/build install --record /home/rafal/Web_Speech_remote_control/teleop_ws/build/teleop_joy_cmd/install.log --single-version-externally-managed install_data
[0.920s] running egg_info
[0.938s] writing ../build/teleop_joy_cmd/teleop_joy_cmd.egg-info/PKG-INFO
[0.938s] writing dependency_links to ../build/teleop_joy_cmd/teleop_joy_cmd.egg-info/dependency_links.txt
[0.938s] writing entry points to ../build/teleop_joy_cmd/teleop_joy_cmd.egg-info/entry_points.txt
[0.939s] writing requirements to ../build/teleop_joy_cmd/teleop_joy_cmd.egg-info/requires.txt
[0.939s] writing top-level names to ../build/teleop_joy_cmd/teleop_joy_cmd.egg-info/top_level.txt
[0.973s] reading manifest file '../build/teleop_joy_cmd/teleop_joy_cmd.egg-info/SOURCES.txt'
[0.974s] adding license file 'LICENSE'
[0.974s] writing manifest file '../build/teleop_joy_cmd/teleop_joy_cmd.egg-info/SOURCES.txt'
[0.975s] running build
[0.975s] running build_py
[0.975s] copying teleop_joy_cmd/cmd_vel_sub.py -> /home/rafal/Web_Speech_remote_control/teleop_ws/build/teleop_joy_cmd/build/lib/teleop_joy_cmd
[0.975s] copying teleop_joy_cmd/bridge.py -> /home/rafal/Web_Speech_remote_control/teleop_ws/build/teleop_joy_cmd/build/lib/teleop_joy_cmd
[0.975s] copying teleop_joy_cmd/__init__.py -> /home/rafal/Web_Speech_remote_control/teleop_ws/build/teleop_joy_cmd/build/lib/teleop_joy_cmd
[0.975s] running install
[0.978s] running install_lib
[0.996s] running install_data
[0.996s] copying resource/teleop_joy_cmd -> /home/rafal/Web_Speech_remote_control/teleop_ws/install/teleop_joy_cmd/share/ament_index/resource_index/packages
[0.996s] copying package.xml -> /home/rafal/Web_Speech_remote_control/teleop_ws/install/teleop_joy_cmd/share/teleop_joy_cmd
[0.996s] copying launch/unity_sim_wheel.launch.py -> /home/rafal/Web_Speech_remote_control/teleop_ws/install/teleop_joy_cmd/share/teleop_joy_cmd/launch
[0.997s] copying launch/sec_joy_cmd_g1.launch.py -> /home/rafal/Web_Speech_remote_control/teleop_ws/install/teleop_joy_cmd/share/teleop_joy_cmd/launch
[0.997s] copying launch/sec_unity_sim_wheel.launch.py -> /home/rafal/Web_Speech_remote_control/teleop_ws/install/teleop_joy_cmd/share/teleop_joy_cmd/launch
[0.997s] copying launch/joy_cmd_g1.launch.py -> /home/rafal/Web_Speech_remote_control/teleop_ws/install/teleop_joy_cmd/share/teleop_joy_cmd/launch
[0.997s] running install_egg_info
[1.016s] removing '/home/rafal/Web_Speech_remote_control/teleop_ws/install/teleop_joy_cmd/lib/python3.10/site-packages/teleop_joy_cmd-0.0.0-py3.10.egg-info' (and everything under it)
[1.016s] Copying ../build/teleop_joy_cmd/teleop_joy_cmd.egg-info to /home/rafal/Web_Speech_remote_control/teleop_ws/install/teleop_joy_cmd/lib/python3.10/site-packages/teleop_joy_cmd-0.0.0-py3.10.egg-info
[1.017s] running install_scripts
[1.054s] Installing bridge script to /home/rafal/Web_Speech_remote_control/teleop_ws/install/teleop_joy_cmd/lib/teleop_joy_cmd
[1.054s] Installing cmd_vel_sub script to /home/rafal/Web_Speech_remote_control/teleop_ws/install/teleop_joy_cmd/lib/teleop_joy_cmd
[1.054s] writing list of installed files to '/home/rafal/Web_Speech_remote_control/teleop_ws/build/teleop_joy_cmd/install.log'
[1.070s] Invoked command in '/home/rafal/Web_Speech_remote_control/teleop_ws/teleop_joy_cmd' returned '0': PYTHONPATH=/home/rafal/Web_Speech_remote_control/teleop_ws/build/teleop_joy_cmd/prefix_override:/home/rafal/.local/lib/python3.10/site-packages/colcon_core/task/python/colcon_distutils_commands:/home/rafal/Web_Speech_remote_control/teleop_ws/install/teleop_joy_cmd/lib/python3.10/site-packages:${PYTHONPATH} /usr/bin/python3 -W ignore:setup.py install is deprecated setup.py egg_info --egg-base ../build/teleop_joy_cmd build --build-base /home/rafal/Web_Speech_remote_control/teleop_ws/build/teleop_joy_cmd/build install --record /home/rafal/Web_Speech_remote_control/teleop_ws/build/teleop_joy_cmd/install.log --single-version-externally-managed install_data
