running egg_info
creating build/teleop_bringup/teleop_bringup.egg-info
writing build/teleop_bringup/teleop_bringup.egg-info/PKG-INFO
writing dependency_links to build/teleop_bringup/teleop_bringup.egg-info/dependency_links.txt
writing requirements to build/teleop_bringup/teleop_bringup.egg-info/requires.txt
writing top-level names to build/teleop_bringup/teleop_bringup.egg-info/top_level.txt
writing manifest file 'build/teleop_bringup/teleop_bringup.egg-info/SOURCES.txt'
reading manifest file 'build/teleop_bringup/teleop_bringup.egg-info/SOURCES.txt'
adding license file 'LICENSE'
writing manifest file 'build/teleop_bringup/teleop_bringup.egg-info/SOURCES.txt'
running build
running build_py
creating /home/rafal/Web_Speech_remote_control/teleop_bringup/build/teleop_bringup/build/lib/teleop_bringup
copying teleop_bringup/__init__.py -> /home/rafal/Web_Speech_remote_control/teleop_bringup/build/teleop_bringup/build/lib/teleop_bringup
running install
running install_lib
creating /home/rafal/Web_Speech_remote_control/teleop_bringup/install/teleop_bringup/lib/python3.10/site-packages/teleop_bringup
copying /home/rafal/Web_Speech_remote_control/teleop_bringup/build/teleop_bringup/build/lib/teleop_bringup/__init__.py -> /home/rafal/Web_Speech_remote_control/teleop_bringup/install/teleop_bringup/lib/python3.10/site-packages/teleop_bringup
byte-compiling /home/rafal/Web_Speech_remote_control/teleop_bringup/install/teleop_bringup/lib/python3.10/site-packages/teleop_bringup/__init__.py to __init__.cpython-310.pyc
running install_data
creating /home/rafal/Web_Speech_remote_control/teleop_bringup/install/teleop_bringup/share/ament_index/resource_index/packages
copying resource/teleop_bringup -> /home/rafal/Web_Speech_remote_control/teleop_bringup/install/teleop_bringup/share/ament_index/resource_index/packages
copying package.xml -> /home/rafal/Web_Speech_remote_control/teleop_bringup/install/teleop_bringup/share/teleop_bringup
creating /home/rafal/Web_Speech_remote_control/teleop_bringup/install/teleop_bringup/share/teleop_bringup/launch
copying launch/twist_joy_g1.launch.py -> /home/rafal/Web_Speech_remote_control/teleop_bringup/install/teleop_bringup/share/teleop_bringup/launch
running install_egg_info
Copying build/teleop_bringup/teleop_bringup.egg-info to /home/rafal/Web_Speech_remote_control/teleop_bringup/install/teleop_bringup/lib/python3.10/site-packages/teleop_bringup-0.0.0-py3.10.egg-info
running install_scripts
writing list of installed files to '/home/rafal/Web_Speech_remote_control/teleop_bringup/build/teleop_bringup/install.log'
