[0.906s] Invoking command in '/home/rafal/Web_Speech_remote_control/teleop_bringup': PYTHONPATH=/home/rafal/Web_Speech_remote_control/teleop_bringup/build/teleop_bringup/prefix_override:/home/rafal/.local/lib/python3.10/site-packages/colcon_core/task/python/colcon_distutils_commands:/home/rafal/Web_Speech_remote_control/teleop_bringup/install/teleop_bringup/lib/python3.10/site-packages:${PYTHONPATH} /usr/bin/python3 -W ignore:setup.py install is deprecated setup.py egg_info --egg-base build/teleop_bringup build --build-base /home/rafal/Web_Speech_remote_control/teleop_bringup/build/teleop_bringup/build install --record /home/rafal/Web_Speech_remote_control/teleop_bringup/build/teleop_bringup/install.log --single-version-externally-managed install_data
[1.188s] running egg_info
[1.211s] creating build/teleop_bringup/teleop_bringup.egg-info
[1.211s] writing build/teleop_bringup/teleop_bringup.egg-info/PKG-INFO
[1.211s] writing dependency_links to build/teleop_bringup/teleop_bringup.egg-info/dependency_links.txt
[1.212s] writing requirements to build/teleop_bringup/teleop_bringup.egg-info/requires.txt
[1.212s] writing top-level names to build/teleop_bringup/teleop_bringup.egg-info/top_level.txt
[1.212s] writing manifest file 'build/teleop_bringup/teleop_bringup.egg-info/SOURCES.txt'
[1.259s] reading manifest file 'build/teleop_bringup/teleop_bringup.egg-info/SOURCES.txt'
[1.259s] adding license file 'LICENSE'
[1.260s] writing manifest file 'build/teleop_bringup/teleop_bringup.egg-info/SOURCES.txt'
[1.261s] running build
[1.261s] running build_py
[1.261s] creating /home/rafal/Web_Speech_remote_control/teleop_bringup/build/teleop_bringup/build/lib/teleop_bringup
[1.261s] copying teleop_bringup/__init__.py -> /home/rafal/Web_Speech_remote_control/teleop_bringup/build/teleop_bringup/build/lib/teleop_bringup
[1.261s] running install
[1.265s] running install_lib
[1.288s] creating /home/rafal/Web_Speech_remote_control/teleop_bringup/install/teleop_bringup/lib/python3.10/site-packages/teleop_bringup
[1.288s] copying /home/rafal/Web_Speech_remote_control/teleop_bringup/build/teleop_bringup/build/lib/teleop_bringup/__init__.py -> /home/rafal/Web_Speech_remote_control/teleop_bringup/install/teleop_bringup/lib/python3.10/site-packages/teleop_bringup
[1.288s] byte-compiling /home/rafal/Web_Speech_remote_control/teleop_bringup/install/teleop_bringup/lib/python3.10/site-packages/teleop_bringup/__init__.py to __init__.cpython-310.pyc
[1.289s] running install_data
[1.289s] creating /home/rafal/Web_Speech_remote_control/teleop_bringup/install/teleop_bringup/share/ament_index/resource_index/packages
[1.289s] copying resource/teleop_bringup -> /home/rafal/Web_Speech_remote_control/teleop_bringup/install/teleop_bringup/share/ament_index/resource_index/packages
[1.289s] copying package.xml -> /home/rafal/Web_Speech_remote_control/teleop_bringup/install/teleop_bringup/share/teleop_bringup
[1.289s] creating /home/rafal/Web_Speech_remote_control/teleop_bringup/install/teleop_bringup/share/teleop_bringup/launch
[1.289s] copying launch/twist_joy_g1.launch.py -> /home/rafal/Web_Speech_remote_control/teleop_bringup/install/teleop_bringup/share/teleop_bringup/launch
[1.290s] running install_egg_info
[1.313s] Copying build/teleop_bringup/teleop_bringup.egg-info to /home/rafal/Web_Speech_remote_control/teleop_bringup/install/teleop_bringup/lib/python3.10/site-packages/teleop_bringup-0.0.0-py3.10.egg-info
[1.313s] running install_scripts
[1.357s] writing list of installed files to '/home/rafal/Web_Speech_remote_control/teleop_bringup/build/teleop_bringup/install.log'
[1.394s] Invoked command in '/home/rafal/Web_Speech_remote_control/teleop_bringup' returned '0': PYTHONPATH=/home/rafal/Web_Speech_remote_control/teleop_bringup/build/teleop_bringup/prefix_override:/home/rafal/.local/lib/python3.10/site-packages/colcon_core/task/python/colcon_distutils_commands:/home/rafal/Web_Speech_remote_control/teleop_bringup/install/teleop_bringup/lib/python3.10/site-packages:${PYTHONPATH} /usr/bin/python3 -W ignore:setup.py install is deprecated setup.py egg_info --egg-base build/teleop_bringup build --build-base /home/rafal/Web_Speech_remote_control/teleop_bringup/build/teleop_bringup/build install --record /home/rafal/Web_Speech_remote_control/teleop_bringup/build/teleop_bringup/install.log --single-version-externally-managed install_data
